I'm sorry, but errors were detected in your script. Please correct the
errors listed below, and try again.


File "game/intro.rpy", line 14: end of line expected.
    scene bg maracaibo.jpg
                      ^

Ren'Py Version: Ren'Py 8.0.3.22090809
Fri Jan 27 01:49:56 2023
